MAP
  NAME 'snippets'

  EXTENT -20026376.39 -20048966.10 20026376.39 20048966.10
  UNITS METERS

  SIZE 500 500

  SHAPEPATH ./data
  IMAGETYPE PNG

  PROJECTION
    "init=epsg:3857" # web Mercator
  END    

  WEB
    METADATA
      "wms_title"  "MapServer Snippets"
      "ows_enable_request"  "*"
      "wms_onlineresource"  "http://my.host.com/cgi-bin/mapserv?map=ows.map&"
      "wfs_getfeature_formatlist"  "gml,geojson"
      "ows_srs"  "EPSG:4326 EPSG:3857"
    END
  END

  OUTPUTFORMAT
    NAME "geojson"
    DRIVER "OGR/GEOJSON"
    MIMETYPE "application/json; subtype=geojson"
    FORMATOPTION "STORAGE=stream"
    FORMATOPTION "FORM=SIMPLE"
    FORMATOPTION "USE_FEATUREID=true"
  END

  SCALEBAR
    STYLE 0
    INTERVALS 2
    COLOR "#000000"
    #  BACKGROUNDCOLOR "#999999"
    OUTLINECOLOR "#000000"
  END

  # Using MNDNR Data
  #
  INCLUDE 'snippets/color01.snippet'
  INCLUDE 'snippets/regex01.snippet'
  INCLUDE 'snippets/regex02.snippet'
  INCLUDE 'snippets/regex03.snippet'
  INCLUDE 'snippets/regex04.snippet'

  # Using Natural Earth Data
  #
  INCLUDE 'snippets/raster01.snippet'
  INCLUDE 'snippets/label01.snippet'
END
